✖ published metadata and README remain registry-ready (5.292302ms)
ℹ tests 1
ℹ suites 0
ℹ pass 0
ℹ fail 1
ℹ cancelled 0
ℹ skipped 0
ℹ todo 0
ℹ duration_ms 52.207537

✖ failing tests:

test at test/release.test.mjs:49:1
✖ published metadata and README remain registry-ready (5.292302ms)
  AssertionError [ERR_ASSERTION]: Expected values to be strictly equal:
  + actual - expected

  + 'Unpublished Responses-provider preview; credentialed compatibility not verified'
  - 'Concentrate.ai provider for OpenClaw: Responses, tools, reasoning, structured output and image input.'

      at TestContext.<anonymous> (file://<SOURCE_CHECKOUT>/test/release.test.mjs:53:10)
      at Test.runInAsyncScope (node:async_hooks:227:14)
      at Test.run (node:internal/test_runner/test:1306:25)
      at Test.start (node:internal/test_runner/test:1177:17)
      at startSubtestAfterBootstrap (node:internal/test_runner/harness:385:17) {
    generatedMessage: true,
    code: 'ERR_ASSERTION',
    actual: 'Unpublished Responses-provider preview; credentialed compatibility not verified',
    expected: 'Concentrate.ai provider for OpenClaw: Responses, tools, reasoning, structured output and image input.',
    operator: 'strictEqual',
    diff: 'simple'
  }
